// Jest Snapshot v1, https://goo.gl/fbAQLP

exports[`ProductImage debe de mostrar el componente correctamente con la imagen personalizada 1`] = `
<img
  alt="Coffe Mug"
  className="productImg undefined "
  src="https://hola.jpg"
/>
`;
